app/ai-teacher/page.tsx(40,29): error TS7006: Parameter 'e' implicitly has an 'any' type.
app/arcade/daily/page.tsx(9,22): error TS7016: Could not find a declaration file for module 'canvas-confetti'. '/home/riddhesh/Desktop/fullstack project/learnstack/frontend/node_modules/canvas-confetti/src/confetti.js' implicitly has an 'any' type.
  Try `npm i --save-dev @types/canvas-confetti` if it exists or add a new declaration (.d.ts) file containing `declare module 'canvas-confetti';`
app/arcade/daily/page.tsx(75,40): error TS7006: Parameter 'l' implicitly has an 'any' type.
app/arcade/page.tsx(105,33): error TS7006: Parameter 'world' implicitly has an 'any' type.
app/arcade/page.tsx(105,40): error TS7006: Parameter 'idx' implicitly has an 'any' type.
app/arcade/page.tsx(177,71): error TS7006: Parameter 'player' implicitly has an 'any' type.
app/arcade/page.tsx(177,79): error TS7006: Parameter 'idx' implicitly has an 'any' type.
app/arcade/play/[levelId]/page.tsx(9,22): error TS7016: Could not find a declaration file for module 'canvas-confetti'. '/home/riddhesh/Desktop/fullstack project/learnstack/frontend/node_modules/canvas-confetti/src/confetti.js' implicitly has an 'any' type.
  Try `npm i --save-dev @types/canvas-confetti` if it exists or add a new declaration (.d.ts) file containing `declare module 'canvas-confetti';`
app/arcade/play/[levelId]/page.tsx(73,40): error TS7006: Parameter 'l' implicitly has an 'any' type.
app/arcade/world/[worldId]/page.tsx(55,55): error TS7006: Parameter 'p' implicitly has an 'any' type.
app/course/[slug]/page.tsx(114,10): error TS7053: Element implicitly has an 'any' type because expression of type 'any' can't be used to index type '{}'.
app/course/[slug]/page.tsx(115,7): error TS7053: Element implicitly has an 'any' type because expression of type 'any' can't be used to index type '{}'.
app/course/[slug]/page.tsx(117,5): error TS7053: Element implicitly has an 'any' type because expression of type 'any' can't be used to index type '{}'.
app/dashboard/admin/hackathon/page.tsx(96,29): error TS7006: Parameter 'e' implicitly has an 'any' type.
app/dashboard/admin/hackathon/page.tsx(129,31): error TS7006: Parameter 'id' implicitly has an 'any' type.
app/dashboard/admin/hackathon/page.tsx(139,23): error TS7006: Parameter 'h' implicitly has an 'any' type.
app/dashboard/admin/hackathon/page.tsx(209,31): error TS7006: Parameter 'r' implicitly has an 'any' type.
app/dashboard/admin/hackathon/page.tsx(242,68): error TS7006: Parameter 'v' implicitly has an 'any' type.
app/dashboard/admin/hackathon/page.tsx(243,89): error TS7006: Parameter 'v' implicitly has an 'any' type.
app/dashboard/admin/hackathon/page.tsx(244,78): error TS7006: Parameter 'v' implicitly has an 'any' type.
app/dashboard/admin/hackathon/page.tsx(247,76): error TS7006: Parameter 'v' implicitly has an 'any' type.
app/dashboard/admin/hackathon/page.tsx(249,97): error TS7006: Parameter 'v' implicitly has an 'any' type.
app/dashboard/admin/hackathon/page.tsx(254,79): error TS7006: Parameter 'v' implicitly has an 'any' type.
app/dashboard/admin/hackathon/page.tsx(258,101): error TS7006: Parameter 'v' implicitly has an 'any' type.
app/dashboard/admin/hackathon/page.tsx(261,91): error TS7006: Parameter 'v' implicitly has an 'any' type.
app/dashboard/admin/hackathon/page.tsx(266,93): error TS7006: Parameter 'v' implicitly has an 'any' type.
app/dashboard/admin/hackathon/page.tsx(268,91): error TS7006: Parameter 'v' implicitly has an 'any' type.
app/dashboard/admin/hackathon/page.tsx(273,77): error TS7006: Parameter 'v' implicitly has an 'any' type.
app/dashboard/admin/hackathon/page.tsx(274,73): error TS7006: Parameter 'v' implicitly has an 'any' type.
app/dashboard/admin/hackathon/page.tsx(278,77): error TS7006: Parameter 'v' implicitly has an 'any' type.
app/dashboard/admin/hackathon/page.tsx(279,78): error TS7006: Parameter 'v' implicitly has an 'any' type.
app/dashboard/admin/hackathon/page.tsx(280,77): error TS7006: Parameter 'v' implicitly has an 'any' type.
app/dashboard/admin/hackathon/page.tsx(281,84): error TS7006: Parameter 'v' implicitly has an 'any' type.
app/dashboard/admin/hackathon/page.tsx(284,81): error TS7006: Parameter 'v' implicitly has an 'any' type.
app/dashboard/admin/hackathon/page.tsx(325,29): error TS7006: Parameter 'e' implicitly has an 'any' type.
app/dashboard/admin/hackathon/page.tsx(356,31): error TS7006: Parameter 'id' implicitly has an 'any' type.
app/dashboard/admin/hackathon/page.tsx(362,23): error TS7006: Parameter 'q' implicitly has an 'any' type.
app/dashboard/admin/hackathon/page.tsx(455,83): error TS7006: Parameter 'v' implicitly has an 'any' type.
app/dashboard/admin/hackathon/page.tsx(458,80): error TS7006: Parameter 'v' implicitly has an 'any' type.
app/dashboard/admin/hackathon/page.tsx(459,80): error TS7006: Parameter 'v' implicitly has an 'any' type.
app/dashboard/admin/hackathon/page.tsx(460,84): error TS7006: Parameter 'v' implicitly has an 'any' type.
app/dashboard/admin/hackathon/page.tsx(464,70): error TS7006: Parameter 'v' implicitly has an 'any' type.
app/dashboard/admin/hackathon/page.tsx(465,74): error TS7006: Parameter 'v' implicitly has an 'any' type.
app/dashboard/admin/hackathon/page.tsx(502,85): error TS7006: Parameter 'v' implicitly has an 'any' type.
app/dashboard/admin/hackathon/page.tsx(505,99): error TS7006: Parameter 'v' implicitly has an 'any' type.
app/dashboard/admin/hackathon/page.tsx(550,31): error TS7006: Parameter 'format' implicitly has an 'any' type.
app/dashboard/admin/hackathon/page.tsx(672,34): error TS7031: Binding element 'hackathonId' implicitly has an 'any' type.
app/dashboard/admin/hackathon/page.tsx(689,48): error TS7006: Parameter 'a' implicitly has an 'any' type.
app/dashboard/admin/hackathon/page.tsx(689,51): error TS7006: Parameter 'b' implicitly has an 'any' type.
app/dashboard/admin/hackathon/page.tsx(704,30): error TS7006: Parameter 'subId' implicitly has an 'any' type.
app/dashboard/admin/hackathon/page.tsx(996,18): error TS7031: Binding element 'label' implicitly has an 'any' type.
app/dashboard/admin/hackathon/page.tsx(996,25): error TS7031: Binding element 'value' implicitly has an 'any' type.
app/dashboard/admin/hackathon/page.tsx(996,32): error TS7031: Binding element 'onChange' implicitly has an 'any' type.
app/dashboard/admin/hackathon/page.tsx(1012,24): error TS7031: Binding element 'label' implicitly has an 'any' type.
app/dashboard/admin/hackathon/page.tsx(1012,31): error TS7031: Binding element 'value' implicitly has an 'any' type.
app/dashboard/admin/hackathon/page.tsx(1012,38): error TS7031: Binding element 'onChange' implicitly has an 'any' type.
app/dashboard/admin/hackathon/page.tsx(1012,48): error TS7031: Binding element 'options' implicitly has an 'any' type.
app/dashboard/admin/hackathon/page.tsx(1017,22): error TS7006: Parameter 'o' implicitly has an 'any' type.
app/dashboard/admin/hackathon/page.tsx(1031,16): error TS7018: Object literal's property 'faqs' implicitly has an 'any[]' type.
app/dashboard/admin/hackathon/page.tsx(1031,26): error TS7018: Object literal's property 'rounds' implicitly has an 'any[]' type.
app/dashboard/admin/hackathon/page.tsx(1043,23): error TS7006: Parameter 'blob' implicitly has an 'any' type.
app/dashboard/admin/hackathon/page.tsx(1043,29): error TS7006: Parameter 'filename' implicitly has an 'any' type.
app/dashboard/admin/hackathon/page.tsx(1052,23): error TS7006: Parameter 'data' implicitly has an 'any' type.
app/dashboard/admin/hackathon/page.tsx(1055,25): error TS7006: Parameter 'd' implicitly has an 'any' type.
app/dashboard/admin/hackathon/page.tsx(1062,33): error TS7031: Binding element 'hackathonId' implicitly has an 'any' type.
app/dashboard/admin/hackathon/page.tsx(1062,46): error TS7031: Binding element 'rounds' implicitly has an 'any' type.
app/dashboard/admin/hackathon/page.tsx(1062,54): error TS7031: Binding element 'onUpdated' implicitly has an 'any' type.
app/dashboard/admin/hackathon/page.tsx(1070,31): error TS7006: Parameter 'round' implicitly has an 'any' type.
app/dashboard/admin/hackathon/page.tsx(1072,43): error TS7006: Parameter 'id' implicitly has an 'any' type.
app/dashboard/admin/hackathon/page.tsx(1087,27): error TS7006: Parameter 'qId' implicitly has an 'any' type.
app/dashboard/admin/hackathon/page.tsx(1149,27): error TS7006: Parameter 'r' implicitly has an 'any' type.
app/dashboard/admin/hackathon/page.tsx(1195,104): error TS7053: Element implicitly has an 'any' type because expression of type 'any' can't be used to index type '{ easy: string; intermediate: string; advanced: string; }'.
app/dashboard/admin/hackathon/page.tsx(1227,29): error TS7031: Binding element 'hackathonId' implicitly has an 'any' type.
app/dashboard/admin/hackathon/page.tsx(1227,42): error TS7031: Binding element 'onDone' implicitly has an 'any' type.
app/dashboard/page.tsx(13,19): error TS7031: Binding element 'level' implicitly has an 'any' type.
app/dashboard/page.tsx(13,26): error TS7031: Binding element 'levelTitle' implicitly has an 'any' type.
app/dashboard/page.tsx(13,38): error TS7031: Binding element 'progress' implicitly has an 'any' type.
app/dashboard/page.tsx(13,48): error TS7031: Binding element 'xp' implicitly has an 'any' type.
app/dashboard/page.tsx(49,27): error TS7031: Binding element 'streak' implicitly has an 'any' type.
app/dashboard/page.tsx(49,35): error TS7031: Binding element 'longestStreak' implicitly has an 'any' type.
app/dashboard/page.tsx(101,22): error TS7031: Binding element 'badge' implicitly has an 'any' type.
app/dashboard/page.tsx(102,17): error TS7053: Element implicitly has an 'any' type because expression of type 'any' can't be used to index type '{ common: { border: string; bg: string; text: string; label: string; }; rare: { border: string; bg: string; text: string; label: string; }; epic: { border: string; bg: string; text: string; label: string; }; legendary: { ...; }; }'.
app/dashboard/page.tsx(153,34): error TS7006: Parameter 'res' implicitly has an 'any' type.
app/dashboard/page.tsx(233,7): error TS7053: Element implicitly has an 'any' type because expression of type 'any' can't be used to index type '{}'.
app/dashboard/page.tsx(233,42): error TS7053: Element implicitly has an 'any' type because expression of type 'any' can't be used to index type '{}'.
app/dashboard/page.tsx(344,35): error TS7053: Element implicitly has an 'any' type because expression of type 'any' can't be used to index type '{}'.
app/hackathon/[slug]/page.tsx(128,10): error TS7006: Parameter 'r' implicitly has an 'any' type.
app/hackathon/[slug]/page.tsx(159,10): error TS7006: Parameter 'r' implicitly has an 'any' type.
app/hackathon/[slug]/page.tsx(162,10): error TS7006: Parameter 's' implicitly has an 'any' type.
app/hackathon/[slug]/page.tsx(290,38): error TS7006: Parameter 'round' implicitly has an 'any' type.
app/hackathon/[slug]/page.tsx(290,45): error TS7006: Parameter 'idx' implicitly has an 'any' type.
app/hackathon/[slug]/page.tsx(293,20): error TS7006: Parameter 's' implicitly has an 'any' type.
app/hackathon/[slug]/page.tsx(316,26): error TS7006: Parameter 's' implicitly has an 'any' type.
app/hackathon/[slug]/page.tsx(446,42): error TS7006: Parameter 'round' implicitly has an 'any' type.
app/hackathon/[slug]/page.tsx(451,24): error TS7006: Parameter 's' implicitly has an 'any' type.
app/hackathon/[slug]/page.tsx(613,41): error TS7006: Parameter 'rule' implicitly has an 'any' type.
app/hackathon/[slug]/page.tsx(613,47): error TS7006: Parameter 'idx' implicitly has an 'any' type.
app/hackathon/[slug]/page.tsx(634,40): error TS7006: Parameter 'faq' implicitly has an 'any' type.
app/hackathon/[slug]/page.tsx(634,45): error TS7006: Parameter 'idx' implicitly has an 'any' type.
app/hackathon/[slug]/register/page.tsx(64,25): error TS7006: Parameter 'e' implicitly has an 'any' type.
app/hackathon/[slug]/register/page.tsx(69,23): error TS7006: Parameter 'e' implicitly has an 'any' type.
app/hackathon/[slug]/register/page.tsx(71,16): error TS7006: Parameter 'prev' implicitly has an 'any' type.
app/hackathon/[slug]/register/page.tsx(87,31): error TS7006: Parameter 'e' implicitly has an 'any' type.
app/hackathon/[slug]/results/page.tsx(114,29): error TS7006: Parameter 'sub' implicitly has an 'any' type.
app/hackathon/[slug]/results/page.tsx(114,34): error TS7006: Parameter 'idx' implicitly has an 'any' type.
app/hackathon/[slug]/round/[roundNumber]/page.tsx(40,29): error TS7006: Parameter 'e' implicitly has an 'any' type.
app/hackathon/[slug]/round/[roundNumber]/page.tsx(56,25): error TS7006: Parameter 'e' implicitly has an 'any' type.
app/hackathon/[slug]/round/[roundNumber]/page.tsx(462,22): error TS7006: Parameter 'prev' implicitly has an 'any' type.
app/hackathon/[slug]/round/[roundNumber]/page.tsx(483,37): error TS7006: Parameter 'answerData' implicitly has an 'any' type.
app/hackathon/[slug]/round/[roundNumber]/page.tsx(484,17): error TS7006: Parameter 'prev' implicitly has an 'any' type.
app/hackathon/[slug]/round/[roundNumber]/page.tsx(579,29): error TS7006: Parameter 'path' implicitly has an 'any' type.
app/hackathon/[slug]/round/[roundNumber]/page.tsx(592,31): error TS7006: Parameter 'path' implicitly has an 'any' type.
app/hackathon/[slug]/round/[roundNumber]/page.tsx(599,25): error TS7006: Parameter 'oldPath' implicitly has an 'any' type.
app/hackathon/[slug]/round/[roundNumber]/page.tsx(599,34): error TS7006: Parameter 'newName' implicitly has an 'any' type.
app/hackathon/[slug]/round/[roundNumber]/page.tsx(634,25): error TS7006: Parameter 'path' implicitly has an 'any' type.
app/hackathon/[slug]/round/[roundNumber]/page.tsx(634,31): error TS7006: Parameter 'isFolder' implicitly has an 'any' type.
app/hackathon/[slug]/round/[roundNumber]/page.tsx(659,32): error TS7006: Parameter 'path' implicitly has an 'any' type.
app/hackathon/[slug]/round/[roundNumber]/page.tsx(695,26): error TS7006: Parameter 'files' implicitly has an 'any' type.
app/hackathon/[slug]/round/[roundNumber]/page.tsx(698,20): error TS7006: Parameter 'file' implicitly has an 'any' type.
app/hackathon/[slug]/round/[roundNumber]/page.tsx(704,24): error TS7006: Parameter 'part' implicitly has an 'any' type.
app/hackathon/[slug]/round/[roundNumber]/page.tsx(704,30): error TS7006: Parameter 'index' implicitly has an 'any' type.
app/hackathon/[slug]/round/[roundNumber]/page.tsx(706,16): error TS7053: Element implicitly has an 'any' type because expression of type 'any' can't be used to index type '{}'.
app/hackathon/[slug]/round/[roundNumber]/page.tsx(707,13): error TS7053: Element implicitly has an 'any' type because expression of type 'any' can't be used to index type '{}'.
app/hackathon/[slug]/round/[roundNumber]/page.tsx(714,21): error TS7053: Element implicitly has an 'any' type because expression of type 'any' can't be used to index type '{}'.
app/hackathon/[slug]/round/[roundNumber]/page.tsx(726,22): error TS7006: Parameter 'part' implicitly has an 'any' type.
app/hackathon/[slug]/round/[roundNumber]/page.tsx(726,28): error TS7006: Parameter 'index' implicitly has an 'any' type.
app/hackathon/[slug]/round/[roundNumber]/page.tsx(731,11): error TS7053: Element implicitly has an 'any' type because expression of type 'any' can't be used to index type '{}'.
app/hackathon/[slug]/round/[roundNumber]/page.tsx(737,16): error TS7053: Element implicitly has an 'any' type because expression of type 'any' can't be used to index type '{}'.
app/hackathon/[slug]/round/[roundNumber]/page.tsx(738,13): error TS7053: Element implicitly has an 'any' type because expression of type 'any' can't be used to index type '{}'.
app/hackathon/[slug]/round/[roundNumber]/page.tsx(745,21): error TS7053: Element implicitly has an 'any' type because expression of type 'any' can't be used to index type '{}'.
app/hackathon/[slug]/round/[roundNumber]/page.tsx(869,27): error TS7006: Parameter 'folderPath' implicitly has an 'any' type.
app/hackathon/[slug]/round/[roundNumber]/page.tsx(872,24): error TS7053: Element implicitly has an 'any' type because expression of type 'any' can't be used to index type '{}'.
app/hackathon/[slug]/round/[roundNumber]/page.tsx(968,27): error TS2339: Property 'type' does not exist on type 'unknown'.
app/hackathon/[slug]/round/[roundNumber]/page.tsx(968,38): error TS2339: Property 'type' does not exist on type 'unknown'.
app/hackathon/[slug]/round/[roundNumber]/page.tsx(968,53): error TS2339: Property 'type' does not exist on type 'unknown'.
app/hackathon/[slug]/round/[roundNumber]/page.tsx(969,30): error TS2339: Property 'name' does not exist on type 'unknown'.
app/hackathon/[slug]/round/[roundNumber]/page.tsx(969,51): error TS2339: Property 'name' does not exist on type 'unknown'.
app/hackathon/[slug]/round/[roundNumber]/page.tsx(972,33): error TS2339: Property 'path' does not exist on type 'unknown'.
app/hackathon/[slug]/round/[roundNumber]/page.tsx(975,38): error TS7006: Parameter 'path' implicitly has an 'any' type.
app/hackathon/[slug]/round/[roundNumber]/page.tsx(1157,60): error TS7006: Parameter 'req' implicitly has an 'any' type.
app/hackathon/[slug]/round/[roundNumber]/page.tsx(1157,65): error TS7006: Parameter 'idx' implicitly has an 'any' type.
app/hackathon/[slug]/round/[roundNumber]/page.tsx(1167,55): error TS7006: Parameter 'bonus' implicitly has an 'any' type.
app/hackathon/[slug]/round/[roundNumber]/page.tsx(1167,62): error TS7006: Parameter 'idx' implicitly has an 'any' type.
app/hackathon/[slug]/round/[roundNumber]/page.tsx(1179,66): error TS7006: Parameter 'crit' implicitly has an 'any' type.
app/hackathon/[slug]/round/[roundNumber]/page.tsx(1179,72): error TS7006: Parameter 'idx' implicitly has an 'any' type.
app/hackathon/page.tsx(25,39): error TS7006: Parameter 'h' implicitly has an 'any' type.
app/hackathon/page.tsx(197,37): error TS7006: Parameter 'round' implicitly has an 'any' type.
app/hackathon/page.tsx(197,44): error TS7006: Parameter 'idx' implicitly has an 'any' type.
app/hackathon/page.tsx(230,36): error TS7006: Parameter 'rule' implicitly has an 'any' type.
app/hackathon/page.tsx(230,42): error TS7006: Parameter 'idx' implicitly has an 'any' type.
app/hackathon/page.tsx(265,35): error TS7006: Parameter 'faq' implicitly has an 'any' type.
app/hackathon/page.tsx(265,40): error TS7006: Parameter 'idx' implicitly has an 'any' type.
app/hackathon/page.tsx(289,39): error TS7006: Parameter 'sponsor' implicitly has an 'any' type.
app/hackathon/page.tsx(289,48): error TS7006: Parameter 'idx' implicitly has an 'any' type.
app/hackathon/page.tsx(328,46): error TS7006: Parameter 'winner' implicitly has an 'any' type.
app/hackathon/page.tsx(328,54): error TS7006: Parameter 'idx' implicitly has an 'any' type.
app/hackathon/page.tsx(429,20): error TS7031: Binding element 'question' implicitly has an 'any' type.
app/hackathon/page.tsx(429,30): error TS7031: Binding element 'answer' implicitly has an 'any' type.
app/hackathon/page.tsx(429,38): error TS7031: Binding element 'index' implicitly has an 'any' type.
app/leaderboard/page.tsx(203,29): error TS7006: Parameter 'entry' implicitly has an 'any' type.
app/leaderboard/page.tsx(205,31): error TS7053: Element implicitly has an 'any' type because expression of type 'any' can't be used to index type '{ 1: { bg: string; border: string; medal: string; glow: string; }; 2: { bg: string; border: string; medal: string; glow: string; }; 3: { bg: string; border: string; medal: string; glow: string; }; }'.
app/lesson/[id]/page.tsx(10,38): error TS7031: Binding element 'params' implicitly has an 'any' type.
app/lesson/[id]/page.tsx(12,11): error TS2339: Property 'id' does not exist on type '{}'.
app/lesson/[id]/page.tsx(75,16): error TS7006: Parameter 'p' implicitly has an 'any' type.
app/lesson/[id]/page.tsx(96,31): error TS7006: Parameter 'questionId' implicitly has an 'any' type.
app/lesson/[id]/page.tsx(96,43): error TS7006: Parameter 'optionIndex' implicitly has an 'any' type.
app/lesson/[id]/page.tsx(104,35): error TS7006: Parameter 'e' implicitly has an 'any' type.
app/lesson/[id]/page.tsx(109,51): error TS7006: Parameter 'q' implicitly has an 'any' type.
app/lesson/[id]/page.tsx(109,56): error TS7053: Element implicitly has an 'any' type because expression of type 'any' can't be used to index type '{}'.
app/lesson/[id]/page.tsx(289,48): error TS7006: Parameter 'qResult' implicitly has an 'any' type.
app/lesson/[id]/page.tsx(289,57): error TS7006: Parameter 'idx' implicitly has an 'any' type.
app/lesson/[id]/page.tsx(298,70): error TS7006: Parameter 'q' implicitly has an 'any' type.
app/lesson/[id]/page.tsx(322,42): error TS7006: Parameter 'q' implicitly has an 'any' type.
app/lesson/[id]/page.tsx(322,45): error TS7006: Parameter 'qIdx' implicitly has an 'any' type.
app/lesson/[id]/page.tsx(328,43): error TS7006: Parameter 'opt' implicitly has an 'any' type.
app/lesson/[id]/page.tsx(328,48): error TS7006: Parameter 'oIdx' implicitly has an 'any' type.
app/lesson/[id]/page.tsx(329,48): error TS7053: Element implicitly has an 'any' type because expression of type 'any' can't be used to index type '{}'.
app/login/page.tsx(20,25): error TS7006: Parameter 'e' implicitly has an 'any' type.
app/login/page.tsx(25,31): error TS7006: Parameter 'e' implicitly has an 'any' type.
app/page.tsx(217,32): error TS2591: Cannot find name 'process'. Do you need to install type definitions for node? Try `npm i --save-dev @types/node` and then add 'node' to the types field in your tsconfig.
app/profile/page.tsx(82,34): error TS7006: Parameter 'res' implicitly has an 'any' type.
app/profile/page.tsx(140,7): error TS7053: Element implicitly has an 'any' type because expression of type 'any' can't be used to index type '{}'.
app/profile/page.tsx(140,42): error TS7053: Element implicitly has an 'any' type because expression of type 'any' can't be used to index type '{}'.
app/profile/page.tsx(332,29): error TS7053: Element implicitly has an 'any' type because expression of type 'any' can't be used to index type '{ common: { border: string; bg: string; text: string; label: string; glow: string; }; rare: { border: string; bg: string; text: string; label: string; glow: string; }; epic: { border: string; bg: string; text: string; label: string; glow: string; }; legendary: { ...; }; }'.
app/profile/page.tsx(373,31): error TS7053: Element implicitly has an 'any' type because expression of type 'any' can't be used to index type '{ common: { border: string; bg: string; text: string; label: string; glow: string; }; rare: { border: string; bg: string; text: string; label: string; glow: string; }; epic: { border: string; bg: string; text: string; label: string; glow: string; }; legendary: { ...; }; }'.
app/profile/page.tsx(413,33): error TS7053: Element implicitly has an 'any' type because expression of type 'any' can't be used to index type '{}'.
app/providers.tsx(9,29): error TS7031: Binding element 'children' implicitly has an 'any' type.
app/register/page.tsx(20,25): error TS7006: Parameter 'e' implicitly has an 'any' type.
app/register/page.tsx(25,31): error TS7006: Parameter 'e' implicitly has an 'any' type.
components/CelebrationToast.tsx(60,22): error TS7006: Parameter 'toast' implicitly has an 'any' type.
components/CelebrationToast.tsx(61,25): error TS7053: Element implicitly has an 'any' type because expression of type 'any' can't be used to index type '{ xp: { bg: string; border: string; icon: string; glow: string; }; badge: { bg: string; border: string; icon: string; glow: string; }; streak: { bg: string; border: string; icon: string; glow: string; }; success: { ...; }; error: { ...; }; info: { ...; }; }'.
components/CelebrationToast.tsx(91,75): error TS7053: Element implicitly has an 'any' type because expression of type 'any' can't be used to index type '{ common: string; rare: string; epic: string; legendary: string; }'.
components/CodeEditor.tsx(4,38): error TS7031: Binding element 'challenge' implicitly has an 'any' type.
components/CodeEditor.tsx(4,49): error TS7031: Binding element 'language' implicitly has an 'any' type.
components/CodeEditor.tsx(14,22): error TS7006: Parameter 'str' implicitly has an 'any' type.
components/CodeEditor.tsx(20,26): error TS7006: Parameter 'userCode' implicitly has an 'any' type.
components/CodeEditor.tsx(20,36): error TS7006: Parameter 'expected' implicitly has an 'any' type.
components/CodeEditor.tsx(24,13): error TS7006: Parameter 'line' implicitly has an 'any' type.
components/CodeEditor.tsx(25,16): error TS7006: Parameter 'l' implicitly has an 'any' type.
components/CodeEditor.tsx(28,38): error TS7006: Parameter 'kw' implicitly has an 'any' type.
components/CodeEditor.tsx(36,13): error TS7034: Variable 'logs' implicitly has type 'any[]' in some locations where its type cannot be determined.
components/CodeEditor.tsx(38,17): error TS7019: Rest parameter 'args' implicitly has an 'any[]' type.
components/CodeEditor.tsx(42,19): error TS7019: Rest parameter 'args' implicitly has an 'any[]' type.
components/CodeEditor.tsx(46,24): error TS7005: Variable 'logs' implicitly has an 'any[]' type.
components/CodeEditor.tsx(55,30): error TS2339: Property 'message' does not exist on type 'unknown'.
components/CodeEditor.tsx(120,38): error TS2339: Property 'selectionStart' does not exist on type 'EventTarget'.
components/CodeEditor.tsx(121,36): error TS2339: Property 'selectionEnd' does not exist on type 'EventTarget'.
components/CodeEditor.tsx(123,43): error TS2339: Property 'selectionStart' does not exist on type 'EventTarget'.
components/CodeEditor.tsx(123,69): error TS2339: Property 'selectionEnd' does not exist on type 'EventTarget'.
components/CourseCard.tsx(3,38): error TS7031: Binding element 'track' implicitly has an 'any' type.
components/CourseCard.tsx(13,43): error TS7006: Parameter 'tag' implicitly has an 'any' type.
components/HackathonTimer.tsx(73,24): error TS2362: The left-hand side of an arithmetic operation must be of type 'any', 'number', 'bigint' or an enum type.
components/HackathonTimer.tsx(73,47): error TS2363: The right-hand side of an arithmetic operation must be of type 'any', 'number', 'bigint' or an enum type.
components/HackathonTimer.tsx(101,7): error TS2362: The left-hand side of an arithmetic operation must be of type 'any', 'number', 'bigint' or an enum type.
components/HackathonTimer.tsx(101,37): error TS2363: The right-hand side of an arithmetic operation must be of type 'any', 'number', 'bigint' or an enum type.
components/HackathonTimer.tsx(104,7): error TS2362: The left-hand side of an arithmetic operation must be of type 'any', 'number', 'bigint' or an enum type.
components/HackathonTimer.tsx(104,39): error TS2363: The right-hand side of an arithmetic operation must be of type 'any', 'number', 'bigint' or an enum type.
components/LessonList.tsx(3,38): error TS7031: Binding element 'lessonsByWeek' implicitly has an 'any' type.
components/LessonList.tsx(3,53): error TS7031: Binding element 'completedLessonIds' implicitly has an 'any' type.
components/LessonList.tsx(11,51): error TS7006: Parameter 'l' implicitly has an 'any' type.
components/LessonList.tsx(28,33): error TS7006: Parameter 'lesson' implicitly has an 'any' type.
components/LevelUpModal.tsx(6,22): error TS7016: Could not find a declaration file for module 'canvas-confetti'. '/home/riddhesh/Desktop/fullstack project/learnstack/frontend/node_modules/canvas-confetti/src/confetti.js' implicitly has an 'any' type.
  Try `npm i --save-dev @types/canvas-confetti` if it exists or add a new declaration (.d.ts) file containing `declare module 'canvas-confetti';`
components/LevelUpModal.tsx(18,30): error TS7006: Parameter 'min' implicitly has an 'any' type.
components/LevelUpModal.tsx(18,35): error TS7006: Parameter 'max' implicitly has an 'any' type.
components/ProgressBar.tsx(1,39): error TS7031: Binding element 'progressPercent' implicitly has an 'any' type.
components/ProgressBar.tsx(1,56): error TS7031: Binding element 'completedCount' implicitly has an 'any' type.
components/ProgressBar.tsx(1,72): error TS7031: Binding element 'totalCount' implicitly has an 'any' type.
components/StatCard.tsx(79,36): error TS7031: Binding element 'value' implicitly has an 'any' type.
components/StatCard.tsx(79,43): error TS7031: Binding element 'label' implicitly has an 'any' type.
components/StatCard.tsx(79,50): error TS7031: Binding element 'type' implicitly has an 'any' type.
components/StatCard.tsx(89,28): error TS7006: Parameter 'e' implicitly has an 'any' type.
components/StatCard.tsx(141,14): error TS7053: Element implicitly has an 'any' type because expression of type 'any' can't be used to index type '{ tracks: Element; lessons: Element; questions: Element; learners: Element; certificates: Element; streak: Element; }'.
components/hackathon/HackathonCard.tsx(13,41): error TS7031: Binding element 'hackathon' implicitly has an 'any' type.
components/hackathon/HackathonCard.tsx(14,18): error TS7053: Element implicitly has an 'any' type because expression of type 'any' can't be used to index type '{ draft: { bg: string; text: string; label: string; }; registration_open: { bg: string; text: string; label: string; }; active: { bg: string; text: string; label: string; }; completed: { bg: string; text: string; label: string; }; archived: { ...; }; }'.
components/hackathon/HackathonCard.tsx(16,23): error TS7006: Parameter 'dateStr' implicitly has an 'any' type.
components/hackathon/HackathonCard.tsx(84,50): error TS7006: Parameter 'tag' implicitly has an 'any' type.
components/hackathon/HackathonCard.tsx(84,55): error TS7006: Parameter 'i' implicitly has an 'any' type.
components/hackathon/LeaderboardTable.tsx(3,44): error TS7031: Binding element 'leaderboard' implicitly has an 'any' type.
components/hackathon/LeaderboardTable.tsx(3,57): error TS7031: Binding element 'currentUserId' implicitly has an 'any' type.
components/hackathon/LeaderboardTable.tsx(50,27): error TS7006: Parameter 'entry' implicitly has an 'any' type.
components/hackathon/LeaderboardTable.tsx(51,29): error TS7053: Element implicitly has an 'any' type because expression of type 'any' can't be used to index type '{ 1: { bg: string; border: string; text: string; emoji: string; }; 2: { bg: string; border: string; text: string; emoji: string; }; 3: { bg: string; border: string; text: string; emoji: string; }; }'.
components/hackathon/LeaderboardTable.tsx(104,69): error TS7053: Element implicitly has an 'any' type because expression of type 'any' can't be used to index type '{ qualified: string; failed: string; disqualified: string; pending: string; round_2_active: string; round_3_qualified: string; passed: string; winner: string; participating: string; registered: string; runner_up: string; completed: string; submitted: string; }'.
components/hackathon/PrizeCard.tsx(4,37): error TS7031: Binding element 'rank' implicitly has an 'any' type.
components/hackathon/PrizeCard.tsx(4,43): error TS7031: Binding element 'prize' implicitly has an 'any' type.
components/hackathon/PrizeCard.tsx(32,17): error TS7053: Element implicitly has an 'any' type because expression of type 'any' can't be used to index type '{ 1: { gradient: string; border: string; glow: string; emoji: string; label: string; textColor: string; }; 2: { gradient: string; border: string; glow: string; emoji: string; label: string; textColor: string; }; 3: { ...; }; }'.
components/hackathon/ProgressTracker.tsx(4,43): error TS7031: Binding element 'rounds' implicitly has an 'any' type.
components/hackathon/ProgressTracker.tsx(4,51): error TS7031: Binding element 'currentRound' implicitly has an 'any' type.
components/hackathon/ProgressTracker.tsx(4,65): error TS7031: Binding element 'submissions' implicitly has an 'any' type.
components/hackathon/ProgressTracker.tsx(16,24): error TS7006: Parameter 'round' implicitly has an 'any' type.
components/hackathon/ProgressTracker.tsx(16,31): error TS7006: Parameter 'idx' implicitly has an 'any' type.
components/hackathon/ProgressTracker.tsx(17,50): error TS7006: Parameter 's' implicitly has an 'any' type.
components/hackathon/QualificationBadge.tsx(20,46): error TS7031: Binding element 'status' implicitly has an 'any' type.
components/hackathon/QualificationBadge.tsx(21,17): error TS7053: Element implicitly has an 'any' type because expression of type 'any' can't be used to index type '{ registered: { bg: string; text: string; border: string; icon: string; label: string; }; participating: { bg: string; text: string; border: string; icon: string; label: string; }; qualified: { bg: string; text: string; border: string; icon: string; label: string; }; ... 10 more ...; runner_up: { ...; }; }'.
components/hackathon/QualificationBadge.tsx(30,155): error TS7053: Element implicitly has an 'any' type because expression of type 'string' can't be used to index type '{ sm: string; md: string; lg: string; }'.
  No index signature with a parameter of type 'string' was found on type '{ sm: string; md: string; lg: string; }'.
components/hackathon/QuestionDisplay.tsx(4,43): error TS7031: Binding element 'question' implicitly has an 'any' type.
components/hackathon/QuestionDisplay.tsx(4,53): error TS7031: Binding element 'index' implicitly has an 'any' type.
components/hackathon/QuestionDisplay.tsx(4,60): error TS7031: Binding element 'total' implicitly has an 'any' type.
components/hackathon/QuestionDisplay.tsx(4,67): error TS7031: Binding element 'answer' implicitly has an 'any' type.
components/hackathon/QuestionDisplay.tsx(4,75): error TS7031: Binding element 'onAnswer' implicitly has an 'any' type.
components/hackathon/QuestionDisplay.tsx(7,28): error TS7006: Parameter 'optionIndex' implicitly has an 'any' type.
components/hackathon/QuestionDisplay.tsx(15,29): error TS7006: Parameter 'value' implicitly has an 'any' type.
components/hackathon/QuestionDisplay.tsx(32,22): error TS7053: Element implicitly has an 'any' type because expression of type 'any' can't be used to index type '{ mcq: { label: string; bg: string; text: string; icon: string; }; coding: { label: string; bg: string; text: string; icon: string; }; case_study: { label: string; bg: string; text: string; icon: string; }; scenario: { ...; }; project: { ...; }; }'.
components/hackathon/QuestionDisplay.tsx(53,114): error TS7053: Element implicitly has an 'any' type because expression of type 'any' can't be used to index type '{ easy: string; intermediate: string; advanced: string; }'.
components/hackathon/QuestionDisplay.tsx(77,35): error TS7006: Parameter 'option' implicitly has an 'any' type.
components/hackathon/QuestionDisplay.tsx(77,43): error TS7006: Parameter 'idx' implicitly has an 'any' type.
components/hackathon/QuestionDisplay.tsx(115,60): error TS7006: Parameter 't' implicitly has an 'any' type.
components/hackathon/QuestionDisplay.tsx(119,44): error TS7006: Parameter 't' implicitly has an 'any' type.
components/hackathon/QuestionDisplay.tsx(119,67): error TS7006: Parameter 'tc' implicitly has an 'any' type.
components/hackathon/QuestionDisplay.tsx(119,71): error TS7006: Parameter 'idx' implicitly has an 'any' type.
components/hackathon/QuestionNavigator.tsx(3,45): error TS7031: Binding element 'questions' implicitly has an 'any' type.
components/hackathon/QuestionNavigator.tsx(3,56): error TS7031: Binding element 'answers' implicitly has an 'any' type.
components/hackathon/QuestionNavigator.tsx(3,65): error TS7031: Binding element 'currentIndex' implicitly has an 'any' type.
components/hackathon/QuestionNavigator.tsx(3,79): error TS7031: Binding element 'onNavigate' implicitly has an 'any' type.
components/hackathon/QuestionNavigator.tsx(41,25): error TS7006: Parameter 'q' implicitly has an 'any' type.
components/hackathon/QuestionNavigator.tsx(41,28): error TS7006: Parameter 'idx' implicitly has an 'any' type.
components/hackathon/RoundTimer.tsx(4,38): error TS7031: Binding element 'endTime' implicitly has an 'any' type.
components/hackathon/RoundTimer.tsx(4,47): error TS7031: Binding element 'duration' implicitly has an 'any' type.
components/hackathon/RoundTimer.tsx(4,57): error TS7031: Binding element 'onTimeUp' implicitly has an 'any' type.
components/hackathon/RoundTimer.tsx(62,26): error TS2741: Property 'animate' is missing in type '{ value: number; label: string; urgent: boolean; critical: boolean; }' but required in type '{ value: any; label: any; urgent: any; critical: any; animate: any; }'.
components/hackathon/RoundTimer.tsx(64,12): error TS2741: Property 'animate' is missing in type '{ value: number; label: string; urgent: boolean; critical: boolean; }' but required in type '{ value: any; label: any; urgent: any; critical: any; animate: any; }'.
components/hackathon/RoundTimer.tsx(73,23): error TS7031: Binding element 'value' implicitly has an 'any' type.
components/hackathon/RoundTimer.tsx(73,30): error TS7031: Binding element 'label' implicitly has an 'any' type.
components/hackathon/RoundTimer.tsx(73,37): error TS7031: Binding element 'urgent' implicitly has an 'any' type.
components/hackathon/RoundTimer.tsx(73,45): error TS7031: Binding element 'critical' implicitly has an 'any' type.
components/hackathon/RoundTimer.tsx(73,55): error TS7031: Binding element 'animate' implicitly has an 'any' type.
components/hackathon/TimelineStep.tsx(4,40): error TS7031: Binding element 'step' implicitly has an 'any' type.
components/hackathon/TimelineStep.tsx(4,46): error TS7031: Binding element 'index' implicitly has an 'any' type.
components/hackathon/TimelineStep.tsx(4,53): error TS7031: Binding element 'isLast' implicitly has an 'any' type.
components/hackathon/TimelineStep.tsx(5,23): error TS7006: Parameter 'dateStr' implicitly has an 'any' type.
components/hackathon/TimelineStep.tsx(38,14): error TS7053: Element implicitly has an 'any' type because expression of type 'any' can't be used to index type '{ completed: string; active: string; upcoming: string; }'.
components/home/HeroSection.tsx(6,39): error TS7031: Binding element 'stats' implicitly has an 'any' type.
components/loaders/TransitionLink.tsx(20,24): error TS7006: Parameter 'e' implicitly has an 'any' type.
context/CelebrationContext.tsx(36,43): error TS7006: Parameter 'sum' implicitly has an 'any' type.
context/CelebrationContext.tsx(36,48): error TS7006: Parameter 'item' implicitly has an 'any' type.
context/CelebrationContext.tsx(41,41): error TS7006: Parameter 'x' implicitly has an 'any' type.
context/CelebrationContext.tsx(70,19): error TS7006: Parameter 'b' implicitly has an 'any' type.
